
> learn-stack@0.1.0 build C:\Learn-Stack
> next build

▲ Next.js 16.2.1 (Turbopack)
- Environments: .env

  Creating an optimized production build ...
Turbopack build encountered 1 warnings:
./next.config.ts
Encountered unexpected file in NFT list
A file was traced that indicates that the whole project was traced unintentionally. Somewhere in the import trace below, there are:
- filesystem operations (like path.join, path.resolve or fs.readFile), or
- very dynamic requires (like require('./' + foo)).
To resolve this, you can
- remove them if possible, or
- only use them in development, or
- make sure they are statically scoped to some subfolder: path.join(process.cwd(), 'data', bar), or
- add ignore comments: path.join(/*turbopackIgnore: true*/ process.cwd(), bar)

Import trace:
  App Route:
    ./next.config.ts
    ./lib/generated/prisma/index.js
    ./lib/db.ts
    ./app/api/projects/route.ts


✓ Compiled successfully in 2.1min
  Running TypeScript ...
Failed to type check.

./app/admin/courses/[courseId]/edit/_components/EditCourseForm.tsx:59:7
Type error: Type 'CourseLevel' is not assignable to type '"Beginner" | "Advanced" | "Intermidate" | undefined'.
  Type '"Intermediate"' is not assignable to type '"Beginner" | "Advanced" | "Intermidate" | undefined'. Did you mean '"Intermidate"'?

  [90m57 |[0m       price: data.price,
  [90m58 |[0m       duration: data.duration,
[31m[1m>[0m [90m59 |[0m       level:  data.level,
  [90m   |[0m       [31m[1m^[0m
  [90m60 |[0m       category: data.category [36mas[0m [33mCourseSchemaType[0m[[32m'category'[0m],
  [90m61 |[0m       status: data.status,
  [90m62 |[0m       slug: data.slug,
Next.js build worker exited with code: 1 and signal: null
 ELIFECYCLE  Command failed with exit code 1.
