
> learn-stack@0.1.0 build C:\Learn-Stack
> next build

▲ Next.js 16.2.1 (Turbopack)
- Environments: .env

  Creating an optimized production build ...
Turbopack build encountered 1 warnings:
./next.config.ts
Encountered unexpected file in NFT list
A file was traced that indicates that the whole project was traced unintentionally. Somewhere in the import trace below, there are:
- filesystem operations (like path.join, path.resolve or fs.readFile), or
- very dynamic requires (like require('./' + foo)).
To resolve this, you can
- remove them if possible, or
- only use them in development, or
- make sure they are statically scoped to some subfolder: path.join(process.cwd(), 'data', bar), or
- add ignore comments: path.join(/*turbopackIgnore: true*/ process.cwd(), bar)

Import trace:
  App Route:
    ./next.config.ts
    ./lib/generated/prisma/index.js
    ./lib/db.ts
    ./app/api/projects/route.ts


✓ Compiled successfully in 64s
  Running TypeScript ...
Failed to type check.

./app/manager/faq/page.tsx:124:15
Type error: Cannot find name 'HelpCircle'.

  [90m122 |[0m         {faqs.length === [35m0[0m && (
  [90m123 |[0m           <div className=[32m"text-center py-20 bg-slate-50 dark:bg-slate-800/30 rounded-[3re...[0m
[31m[1m>[0m [90m124 |[0m              <[33mHelpCircle[0m className=[32m"mx-auto h-12 w-12 mb-4"[0m />
  [90m    |[0m               [31m[1m^[0m
  [90m125 |[0m              <p className=[32m"font-black text-xl"[0m>[33mNo[0m [33mFAQs[0m available yet.</p>
  [90m126 |[0m           </div>
  [90m127 |[0m         )}
Next.js build worker exited with code: 1 and signal: null
 ELIFECYCLE  Command failed with exit code 1.
